#
# A fatal error has been detected by the Java Runtime Environment:
#
#  EXCEPTION_ACCESS_VIOLATION (0xc0000005) at pc=0x00007ff832b7c857, pid=12392, tid=19612
#
# JRE version: Java(TM) SE Runtime Environment (21.0.5+9) (build 21.0.5+9-LTS-239)
# Java VM: Java HotSpot(TM) 64-Bit Server VM (21.0.5+9-LTS-239, mixed mode, sharing, tiered, compressed oops, compressed class ptrs, g1 gc, windows-amd64)
# Problematic frame:
# C  [lwjgl_opengl.dll+0xc857]
#
# No core dump will be written. Minidumps are not enabled by default on client versions of Windows
#
# If you would like to submit a bug report, please visit:
#   https://bugreport.java.com/bugreport/crash.jsp
# The crash happened outside the Java Virtual Machine in native code.
# See problematic frame for where to report the bug.
#

---------------  S U M M A R Y ------------

Command Line: -javaagent:C:\Program Files\JetBrains\IntelliJ IDEA Community Edition 2024.3.1.1\lib\idea_rt.jar=63913 -Dfile.encoding=UTF-8 -Dsun.stdout.encoding=UTF-8 -Dsun.stderr.encoding=UTF-8 main.Launcher

Host: Intel(R) Core(TM) i5-10400 CPU @ 2.90GHz, 12 cores, 7G,  Windows 10 , 64 bit Build 19041 (10.0.19041.5915)
Time: Sun Jan 11 15:40:23 2026 Pacific Standard Time elapsed time: 0.333177 seconds (0d 0h 0m 0s)

---------------  T H R E A D  ---------------

Current thread (0x0000029d08ab2c10):  JavaThread "main"             [_thread_in_native, id=19612, stack(0x0000009d7f400000,0x0000009d7f500000) (1024K)]

Stack: [0x0000009d7f400000,0x0000009d7f500000],  sp=0x0000009d7f4ff2e8,  free space=1020k
Native frames: (J=compiled Java code, j=interpreted, Vv=VM code, C=native code)
C  [lwjgl_opengl.dll+0xc857]

Java frames: (J=compiled Java code, j=interpreted, Vv=VM code)
j  org.lwjgl.opengl.GL11C.nglGetString(I)J+0
j  org.lwjgl.opengl.GL11C.glGetString(I)Ljava/lang/String;+1
j  org.lwjgl.opengl.GL11.glGetString(I)Ljava/lang/String;+1
j  guis.GuiRenderer.<init>(Lengine/ObjectLoader;)V+71
j  main.RayVox.<init>()V+86
j  main.Launcher.main([Ljava/lang/String;)V+23
v  ~StubRoutines::call_stub 0x0000029d1847100d

siginfo: EXCEPTION_ACCESS_VIOLATION (0xc0000005), reading address 0x0000000000000378


Registers:
RAX=0x0000029d25d26510, RBX=0x0000029d67547de8, RCX=0x0000000000000000, RDX=0x0000009d7f4ff378
RSP=0x0000009d7f4ff2e8, RBP=0x0000009d7f4ff368, RSI=0x0000000000000003, RDI=0x0000000000000000
R8 =0x0000000000001f02, R9 =0x0000000000000002, R10=0x0000029d1847ce1c, R11=0x000000008997ae98
R12=0x0000000000000000, R13=0x0000029d67547de8, R14=0x0000009d7f4ff388, R15=0x0000029d08ab2c10
RIP=0x00007ff832b7c857, EFLAGS=0x0000000000010287


Register to memory mapping:

RAX=0x0000029d25d26510 points into unknown readable memory: 0x0000000000000000 | 00 00 00 00 00 00 00 00
RBX={method} {0x0000029d67547df0} 'nglGetString' '(I)J' in 'org/lwjgl/opengl/GL11C'
RCX=0x0 is null
RDX=0x0000009d7f4ff378 is pointing into the stack for thread: 0x0000029d08ab2c10
RSP=0x0000009d7f4ff2e8 is pointing into the stack for thread: 0x0000029d08ab2c10
RBP=0x0000009d7f4ff368 is pointing into the stack for thread: 0x0000029d08ab2c10
RSI=0x0000000000000003 is an unknown value
RDI=0x0 is null
R8 =0x0000000000001f02 is an unknown value
R9 =0x0000000000000002 is an unknown value
R10=0x0000029d1847ce1c is at code_begin+1020 in an Interpreter codelet
native method entry point (kind = native)  [0x0000029d1847ca20, 0x0000029d1847d548]  2856 bytes
R11=0x000000008997ae98 is an oop: java.lang.Class 
{0x000000008997ae98} - klass: 'java/lang/Class'
 - ---- fields (total size 116 words):
 - private volatile transient 'classRedefinedCount' 'I' @12  0 (0x00000000)
 - injected 'klass' 'J' @16  2873987533440 (0x0000029d27018a80)
 - injected 'array_klass' 'J' @24  0 (0x0000000000000000)
 - injected 'oop_size' 'I' @32  116 (0x00000074)
 - injected 'static_oop_field_count' 'I' @36  0 (0x00000000)
 - private volatile transient 'cachedConstructor' 'Ljava/lang/reflect/Constructor;' @40  null (0x00000000)
 - private transient 'name' 'Ljava/lang/String;' @44  "org.lwjgl.opengl.GL11C"{0x000000008997b248} (0x8997b248)
 - private transient 'module' 'Ljava/lang/Module;' @48  a 'java/lang/Module'{0x0000000089f678f8} (0x89f678f8)
 - private final 'classLoader' 'Ljava/lang/ClassLoader;' @52  a 'jdk/internal/loader/ClassLoaders$AppClassLoader'{0x0000000089f67738} (0x89f67738)
 - private transient 'classData' 'Ljava/lang/Object;' @56  null (0x00000000)
 - private transient 'packageName' 'Ljava/lang/String;' @60  "org.lwjgl.opengl"{0x0000000089b16a40} (0x89b16a40)
 - private final 'componentType' 'Ljava/lang/Class;' @64  null (0x00000000)
 - private volatile transient 'reflectionData' 'Ljava/lang/ref/SoftReference;' @68  null (0x00000000)
 - private volatile transient 'genericInfo' 'Lsun/reflect/generics/repository/ClassRepository;' @72  null (0x00000000)
 - private volatile transient 'enumConstants' '[Ljava/lang/Object;' @76  null (0x00000000)
 - private volatile transient 'enumConstantDirectory' 'Ljava/util/Map;' @80  null (0x00000000)
 - private volatile transient 'annotationData' 'Ljava/lang/Class$AnnotationData;' @84  null (0x00000000)
 - private volatile transient 'annotationType' 'Lsun/reflect/annotation/AnnotationType;' @88  null (0x00000000)
 - transient 'classValueMap' 'Ljava/lang/ClassValue$ClassValueMap;' @92  null (0x00000000)
 - injected 'protection_domain' 'Ljava/lang/Object;' @96  a 'java/security/ProtectionDomain'{0x0000000089b56438} (0x89b56438)
 - injected 'signers_name' 'Ljava/lang/Object;' @100  null (0x00000000)
 - injected 'source_file' 'Ljava/lang/Object;' @104  null (0x00000000)
 - signature: Lorg/lwjgl/opengl/GL11C;
 - ---- static fields (0):
 - public static final 'GL_NEVER' 'I' @112  512 (0x00000200)
 - public static final 'GL_LESS' 'I' @116  513 (0x00000201)
 - public static final 'GL_EQUAL' 'I' @120  514 (0x00000202)
 - public static final 'GL_LEQUAL' 'I' @124  515 (0x00000203)
 - public static final 'GL_GREATER' 'I' @128  516 (0x00000204)
 - public static final 'GL_NOTEQUAL' 'I' @132  517 (0x00000205)
 - public static final 'GL_GEQUAL' 'I' @136  518 (0x00000206)
 - public static final 'GL_ALWAYS' 'I' @140  519 (0x00000207)
 - public static final 'GL_DEPTH_BUFFER_BIT' 'I' @144  256 (0x00000100)
 - public static final 'GL_STENCIL_BUFFER_BIT' 'I' @148  1024 (0x00000400)
 - public static final 'GL_COLOR_BUFFER_BIT' 'I' @152  16384 (0x00004000)
 - public static final 'GL_POINTS' 'I' @156  0 (0x00000000)
 - public static final 'GL_LINES' 'I' @160  1 (0x00000001)
 - public static final 'GL_LINE_LOOP' 'I' @164  2 (0x00000002)
 - public static final 'GL_LINE_STRIP' 'I' @168  3 (0x00000003)
 - public static final 'GL_TRIANGLES' 'I' @172  4 (0x00000004)
 - public static final 'GL_TRIANGLE_STRIP' 'I' @176  5 (0x00000005)
 - public static final 'GL_TRIANGLE_FAN' 'I' @180  6 (0x00000006)
 - public static final 'GL_QUADS' 'I' @184  7 (0x00000007)
 - public static final 'GL_ZERO' 'I' @188  0 (0x00000000)
 - public static final 'GL_ONE' 'I' @192  1 (0x00000001)
 - public static final 'GL_SRC_COLOR' 'I' @196  768 (0x00000300)
 - public static final 'GL_ONE_MINUS_SRC_COLOR' 'I' @200  769 (0x00000301)
 - public static final 'GL_SRC_ALPHA' 'I' @204  770 (0x00000302)
 - public static final 'GL_ONE_MINUS_SRC_ALPHA' 'I' @208  771 (0x00000303)
 - public static final 'GL_DST_ALPHA' 'I' @212  772 (0x00000304)
 - public static final 'GL_ONE_MINUS_DST_ALPHA' 'I' @216  773 (0x00000305)
 - public static final 'GL_DST_COLOR' 'I' @220  774 (0x00000306)
 - public static final 'GL_ONE_MINUS_DST_COLOR' 'I' @224  775 (0x00000307)
 - public static final 'GL_SRC_ALPHA_SATURATE' 'I' @228  776 (0x00000308)
 - public static final 'GL_TRUE' 'I' @232  1 (0x00000001)
 - public static final 'GL_FALSE' 'I' @236  0 (0x00000000)
 - public static final 'GL_BYTE' 'I' @240  5120 (0x00001400)
 - public static final 'GL_UNSIGNED_BYTE' 'I' @244  5121 (0x00001401)
 - public static final 'GL_SHORT' 'I' @248  5122 (0x00001402)
 - public static final 'GL_UNSIGNED_SHORT' 'I' @252  5123 (0x00001403)
 - public static final 'GL_INT' 'I' @256  5124 (0x00001404)
 - public static final 'GL_UNSIGNED_INT' 'I' @260  5125 (0x00001405)
 - public static final 'GL_FLOAT' 'I' @264  5126 (0x00001406)
 - public static final 'GL_DOUBLE' 'I' @268  5130 (0x0000140a)
 - public static final 'GL_NONE' 'I' @272  0 (0x00000000)
 - public static final 'GL_FRONT_LEFT' 'I' @276  1024 (0x00000400)
 - public static final 'GL_FRONT_RIGHT' 'I' @280  1025 (0x00000401)
 - public static final 'GL_BACK_LEFT' 'I' @284  1026 (0x00000402)
 - public static final 'GL_BACK_RIGHT' 'I' @288  1027 (0x00000403)
 - public static final 'GL_FRONT' 'I' @292  1028 (0x00000404)
 - public static final 'GL_BACK' 'I' @296  1029 (0x00000405)
 - public static final 'GL_LEFT' 'I' @300  1030 (0x00000406)
 - public static final 'GL_RIGHT' 'I' @304  1031 (0x00000407)
 - public static final 'GL_FRONT_AND_BACK' 'I' @308  1032 (0x00000408)
 - public static final 'GL_NO_ERROR' 'I' @312  0 (0x00000000)
 - public static final 'GL_INVALID_ENUM' 'I' @316  1280 (0x00000500)
 - public static final 'GL_INVALID_VALUE' 'I' @320  1281 (0x00000501)
 - public static final 'GL_INVALID_OPERATION' 'I' @324  1282 (0x00000502)
 - public static final 'GL_STACK_OVERFLOW' 'I' @328  1283 (0x00000503)
 - public static final 'GL_STACK_UNDERFLOW' 'I' @332  1284 (0x00000504)
 - public static final 'GL_OUT_OF_MEMORY' 'I' @336  1285 (0x00000505)
 - public static final 'GL_CW' 'I' @340  2304 (0x00000900)
 - public static final 'GL_CCW' 'I' @344  2305 (0x00000901)
 - public static final 'GL_POINT_SIZE' 'I' @348  2833 (0x00000b11)
 - public static final 'GL_POINT_SIZE_RANGE' 'I' @352  2834 (0x00000b12)
 - public static final 'GL_POINT_SIZE_GRANULARITY' 'I' @356  2835 (0x00000b13)
 - public static final 'GL_LINE_SMOOTH' 'I' @360  2848 (0x00000b20)
 - public static final 'GL_LINE_WIDTH' 'I' @364  2849 (0x00000b21)
 - public static final 'GL_LINE_WIDTH_RANGE' 'I' @368  2850 (0x00000b22)
 - public static final 'GL_LINE_WIDTH_GRANULARITY' 'I' @372  2851 (0x00000b23)
 - public static final 'GL_POLYGON_MODE' 'I' @376  2880 (0x00000b40)
 - public static final 'GL_POLYGON_SMOOTH' 'I' @380  2881 (0x00000b41)
 - public static final 'GL_CULL_FACE' 'I' @384  2884 (0x00000b44)
 - public static final 'GL_CULL_FACE_MODE' 'I' @388  2885 (0x00000b45)
 - public static final 'GL_FRONT_FACE' 'I' @392  2886 (0x00000b46)
 - public static final 'GL_DEPTH_RANGE' 'I' @396  2928 (0x00000b70)
 - public static final 'GL_DEPTH_TEST' 'I' @400  2929 (0x00000b71)
 - public static final 'GL_DEPTH_WRITEMASK' 'I' @404  2930 (0x00000b72)
 - public static final 'GL_DEPTH_CLEAR_VALUE' 'I' @408  2931 (0x00000b73)
 - public static final 'GL_DEPTH_FUNC' 'I' @412  2932 (0x00000b74)
 - public static final 'GL_STENCIL_TEST' 'I' @416  2960 (0x00000b90)
 - public static final 'GL_STENCIL_CLEAR_VALUE' 'I' @420  2961 (0x00000b91)
 - public static final 'GL_STENCIL_FUNC' 'I' @424  2962 (0x00000b92)
 - public static final 'GL_STENCIL_VALUE_MASK' 'I' @428  2963 (0x00000b93)
 - public static final 'GL_STENCIL_FAIL' 'I' @432  2964 (0x00000b94)
 - public static final 'GL_STENCIL_PASS_DEPTH_FAIL' 'I' @436  2965 (0x00000b95)
 - public static final 'GL_STENCIL_PASS_DEPTH_PASS' 'I' @440  2966 (0x00000b96)
 - public static final 'GL_STENCIL_REF' 'I' @444  2967 (0x00000b97)
 - public static final 'GL_STENCIL_WRITEMASK' 'I' @448  2968 (0x00000b98)
 - public static final 'GL_VIEWPORT' 'I' @452  2978 (0x00000ba2)
 - public static final 'GL_DITHER' 'I' @456  3024 (0x00000bd0)
 - public static final 'GL_BLEND_DST' 'I' @460  3040 (0x00000be0)
 - public static final 'GL_BLEND_SRC' 'I' @464  3041 (0x00000be1)
 - public static final 'GL_BLEND' 'I' @468  3042 (0x00000be2)
 - public static final 'GL_LOGIC_OP_MODE' 'I' @472  3056 (0x00000bf0)
 - public static final 'GL_COLOR_LOGIC_OP' 'I' @476  3058 (0x00000bf2)
 - public static final 'GL_DRAW_BUFFER' 'I' @480  3073 (0x00000c01)
 - public static final 'GL_READ_BUFFER' 'I' @484  3074 (0x00000c02)
 - public static final 'GL_SCISSOR_BOX' 'I' @488  3088 (0x00000c10)
 - public static final 'GL_SCISSOR_TEST' 'I' @492  3089 (0x00000c11)
 - public static final 'GL_COLOR_CLEAR_VALUE' 'I' @496  3106 (0x00000c22)
 - public static final 'GL_COLOR_WRITEMASK' 'I' @500  3107 (0x00000c23)
 - public static final 'GL_DOUBLEBUFFER' 'I' @504  3122 (0x00000c32)
 - public static final 'GL_STEREO' 'I' @508  3123 (0x00000c33)
 - public static final 'GL_LINE_SMOOTH_HINT' 'I' @512  3154 (0x00000c52)
 - public static final 'GL_POLYGON_SMOOTH_HINT' 'I' @516  3155 (0x00000c53)
 - public static final 'GL_UNPACK_SWAP_BYTES' 'I' @520  3312 (0x00000cf0)
 - public static final 'GL_UNPACK_LSB_FIRST' 'I' @524  3313 (0x00000cf1)
 - public static final 'GL_UNPACK_ROW_LENGTH' 'I' @528  3314 (0x00000cf2)
 - public static final 'GL_UNPACK_SKIP_ROWS' 'I' @532  3315 (0x00000cf3)
 - public static final 'GL_UNPACK_SKIP_PIXELS' 'I' @536  3316 (0x00000cf4)
 - public static final 'GL_UNPACK_ALIGNMENT' 'I' @540  3317 (0x00000cf5)
 - public static final 'GL_PACK_SWAP_BYTES' 'I' @544  3328 (0x00000d00)
 - public static final 'GL_PACK_LSB_FIRST' 'I' @548  3329 (0x00000d01)
 - public static final 'GL_PACK_ROW_LENGTH' 'I' @552  3330 (0x00000d02)
 - public static final 'GL_PACK_SKIP_ROWS' 'I' @556  3331 (0x00000d03)
 - public static final 'GL_PACK_SKIP_PIXELS' 'I' @560  3332 (0x00000d04)
 - public static final 'GL_PACK_ALIGNMENT' 'I' @564  3333 (0x00000d05)
 - public static final 'GL_MAX_TEXTURE_SIZE' 'I' @568  3379 (0x00000d33)
 - public static final 'GL_MAX_VIEWPORT_DIMS' 'I' @572  3386 (0x00000d3a)
 - public static final 'GL_SUBPIXEL_BITS' 'I' @576  3408 (0x00000d50)
 - public static final 'GL_TEXTURE_1D' 'I' @580  3552 (0x00000de0)
 - public static final 'GL_TEXTURE_2D' 'I' @584  3553 (0x00000de1)
 - public static final 'GL_TEXTURE_WIDTH' 'I' @588  4096 (0x00001000)
 - public static final 'GL_TEXTURE_HEIGHT' 'I' @592  4097 (0x00001001)
 - public static final 'GL_TEXTURE_INTERNAL_FORMAT' 'I' @596  4099 (0x00001003)
 - public static final 'GL_TEXTURE_BORDER_COLOR' 'I' @600  4100 (0x00001004)
 - public static final 'GL_DONT_CARE' 'I' @604  4352 (0x00001100)
 - public static final 'GL_FASTEST' 'I' @608  4353 (0x00001101)
 - public static final 'GL_NICEST' 'I' @612  4354 (0x00001102)
 - public static final 'GL_CLEAR' 'I' @616  5376 (0x00001500)
 - public static final 'GL_AND' 'I' @620  5377 (0x00001501)
 - public static final 'GL_AND_REVERSE' 'I' @624  5378 (0x00001502)
 - public static final 'GL_COPY' 'I' @628  5379 (0x00001503)
 - public static final 'GL_AND_INVERTED' 'I' @632  5380 (0x00001504)
 - public static final 'GL_NOOP' 'I' @636  5381 (0x00001505)
 - public static final 'GL_XOR' 'I' @640  5382 (0x00001506)
 - public static final 'GL_OR' 'I' @644  5383 (0x00001507)
 - public static final 'GL_NOR' 'I' @648  5384 (0x00001508)
 - public static final 'GL_EQUIV' 'I' @652  5385 (0x00001509)
 - public static final 'GL_INVERT' 'I' @656  5386 (0x0000150a)
 - public static final 'GL_OR_REVERSE' 'I' @660  5387 (0x0000150b)
 - public static final 'GL_COPY_INVERTED' 'I' @664  5388 (0x0000150c)
 - public static final 'GL_OR_INVERTED' 'I' @668  5389 (0x0000150d)
 - public static final 'GL_NAND' 'I' @672  5390 (0x0000150e)
 - public static final 'GL_SET' 'I' @676  5391 (0x0000150f)
 - public static final 'GL_TEXTURE' 'I' @680  5890 (0x00001702)
 - public static final 'GL_COLOR' 'I' @684  6144 (0x00001800)
 - public static final 'GL_DEPTH' 'I' @688  6145 (0x00001801)
 - public static final 'GL_STENCIL' 'I' @692  6146 (0x00001802)
 - public static final 'GL_STENCIL_INDEX' 'I' @696  6401 (0x00001901)
 - public static final 'GL_DEPTH_COMPONENT' 'I' @700  6402 (0x00001902)
 - public static final 'GL_RED' 'I' @704  6403 (0x00001903)
 - public static final 'GL_GREEN' 'I' @708  6404 (0x00001904)
 - public static final 'GL_BLUE' 'I' @712  6405 (0x00001905)
 - public static final 'GL_ALPHA' 'I' @716  6406 (0x00001906)
 - public static final 'GL_RGB' 'I' @720  6407 (0x00001907)
 - public static final 'GL_RGBA' 'I' @724  6408 (0x00001908)
 - public static final 'GL_POINT' 'I' @728  6912 (0x00001b00)
 - public static final 'GL_LINE' 'I' @732  6913 (0x00001b01)
 - public static final 'GL_FILL' 'I' @736  6914 (0x00001b02)
 - public static final 'GL_KEEP' 'I' @740  7680 (0x00001e00)
 - public static final 'GL_REPLACE' 'I' @744  7681 (0x00001e01)
 - public static final 'GL_INCR' 'I' @748  7682 (0x00001e02)
 - public static final 'GL_DECR' 'I' @752  7683 (0x00001e03)
 - public static final 'GL_VENDOR' 'I' @756  7936 (0x00001f00)
 - public static final 'GL_RENDERER' 'I' @760  7937 (0x00001f01)
 - public static final 'GL_VERSION' 'I' @764  7938 (0x00001f02)
 - public static final 'GL_EXTENSIONS' 'I' @768  7939 (0x00001f03)
 - public static final 'GL_NEAREST' 'I' @772  9728 (0x00002600)
 - public static final 'GL_LINEAR' 'I' @776  9729 (0x00002601)
 - public static final 'GL_NEAREST_MIPMAP_NEAREST' 'I' @780  9984 (0x00002700)
 - public static final 'GL_LINEAR_MIPMAP_NEAREST' 'I' @784  9985 (0x00002701)
 - public static final 'GL_NEAREST_MIPMAP_LINEAR' 'I' @788  9986 (0x00002702)
 - public static final 'GL_LINEAR_MIPMAP_LINEAR' 'I' @792  9987 (0x00002703)
 - public static final 'GL_TEXTURE_MAG_FILTER' 'I' @796  10240 (0x00002800)
 - public static final 'GL_TEXTURE_MIN_FILTER' 'I' @800  10241 (0x00002801)
 - public static final 'GL_TEXTURE_WRAP_S' 'I' @804  10242 (0x00002802)
 - public static final 'GL_TEXTURE_WRAP_T' 'I' @808  10243 (0x00002803)
 - public static final 'GL_REPEAT' 'I' @812  10497 (0x00002901)
 - public static final 'GL_POLYGON_OFFSET_FACTOR' 'I' @816  32824 (0x00008038)
 - public static final 'GL_POLYGON_OFFSET_UNITS' 'I' @820  10752 (0x00002a00)
 - public static final 'GL_POLYGON_OFFSET_POINT' 'I' @824  10753 (0x00002a01)
 - public static final 'GL_POLYGON_OFFSET_LINE' 'I' @828  10754 (0x00002a02)
 - public static final 'GL_POLYGON_OFFSET_FILL' 'I' @832  32823 (0x00008037)
 - public static final 'GL_R3_G3_B2' 'I' @836  10768 (0x00002a10)
 - public static final 'GL_RGB4' 'I' @840  32847 (0x0000804f)
 - public static final 'GL_RGB5' 'I' @844  32848 (0x00008050)
 - public static final 'GL_RGB8' 'I' @848  32849 (0x00008051)
 - public static final 'GL_RGB10' 'I' @852  32850 (0x00008052)
 - public static final 'GL_RGB12' 'I' @856  32851 (0x00008053)
 - public static final 'GL_RGB16' 'I' @860  32852 (0x00008054)
 - public static final 'GL_RGBA2' 'I' @864  32853 (0x00008055)
 - public static final 'GL_RGBA4' 'I' @868  32854 (0x00008056)
 - public static final 'GL_RGB5_A1' 'I' @872  32855 (0x00008057)
 - public static final 'GL_RGBA8' 'I' @876  32856 (0x00008058)
 - public static final 'GL_RGB10_A2' 'I' @880  32857 (0x00008059)
 - public static final 'GL_RGBA12' 'I' @884  32858 (0x0000805a)
 - public static final 'GL_RGBA16' 'I' @888  32859 (0x0000805b)
 - public static final 'GL_TEXTURE_RED_SIZE' 'I' @892  32860 (0x0000805c)
 - public static final 'GL_TEXTURE_GREEN_SIZE' 'I' @896  32861 (0x0000805d)
 - public static final 'GL_TEXTURE_BLUE_SIZE' 'I' @900  32862 (0x0000805e)
 - public static final 'GL_TEXTURE_ALPHA_SIZE' 'I' @904  32863 (0x0000805f)
 - public static final 'GL_PROXY_TEXTURE_1D' 'I' @908  32867 (0x00008063)
 - public static final 'GL_PROXY_TEXTURE_2D' 'I' @912  32868 (0x00008064)
 - public static final 'GL_TEXTURE_BINDING_1D' 'I' @916  32872 (0x00008068)
 - public static final 'GL_TEXTURE_BINDING_2D' 'I' @920  32873 (0x00008069)
 - public static final 'GL_VERTEX_ARRAY' 'I' @924  32884 (0x00008074)
R12=0x0 is null
R13={method} {0x0000029d67547df0} 'nglGetString' '(I)J' in 'org/lwjgl/opengl/GL11C'
R14=0x0000009d7f4ff388 is pointing into the stack for thread: 0x0000029d08ab2c10
R15=0x0000029d08ab2c10 is a thread

Top of Stack: (sp=0x0000009d7f4ff2e8)
0x0000009d7f4ff2e8:   0000029d1847ce4b 0000029d67547de8
0x0000009d7f4ff2f8:   0000000000000003 0000000000000003
0x0000009d7f4ff308:   0000000000000000 0000029d67547ec8
0x0000009d7f4ff318:   0000029d1847cadf 0000009d7f4ff320
0x0000009d7f4ff328:   0000029d67547de8 0000000000000004
0x0000009d7f4ff338:   0000029d67551388 0000000000000000
0x0000009d7f4ff348:   000000008997ae98 0000029d67547de8
0x0000009d7f4ff358:   0000000000000000 0000009d7f4ff388
0x0000009d7f4ff368:   0000009d7f4ff3d8 0000029d1847893e
0x0000009d7f4ff378:   000000008997ae98 0000029d1847a3d6
0x0000009d7f4ff388:   0000000000001f02 0000009d7f4ff390
0x0000009d7f4ff398:   0000029d67547e89 0000000000000004
0x0000009d7f4ff3a8:   0000029d67551388 0000000000000000
0x0000009d7f4ff3b8:   000000008997ae98 0000029d67547ec8
0x0000009d7f4ff3c8:   0000009d7f4ff388 0000009d7f4ff3f8
0x0000009d7f4ff3d8:   0000009d7f4ff448 0000029d184789d2
0x0000009d7f4ff3e8:   0000000000000000 0000000000000000
0x0000009d7f4ff3f8:   0000000000001f02 0000009d7f4ff400
0x0000009d7f4ff408:   0000029d674a4171 0000000000000002
0x0000009d7f4ff418:   0000029d674c8000 0000000000000000
0x0000009d7f4ff428:   0000000089b56618 0000029d674a4198
0x0000009d7f4ff438:   0000009d7f4ff3f8 0000009d7f4ff458
0x0000009d7f4ff448:   0000009d7f4ff4b8 0000029d184789d2
0x0000009d7f4ff458:   0000000000001f02 0000000089b15ba8
0x0000009d7f4ff468:   0000000089f1db68 0000009d7f4ff470
0x0000009d7f4ff478:   0000029d6749119f 0000000000000004
0x0000009d7f4ff488:   0000029d6748fa28 0000000000000000
0x0000009d7f4ff498:   0000000089b15870 0000029d674911e8
0x0000009d7f4ff4a8:   0000009d7f4ff458 0000009d7f4ff4d0
0x0000009d7f4ff4b8:   0000009d7f4ff538 0000029d18478860
0x0000009d7f4ff4c8:   0000000089b15a30 0000000089ccfca8
0x0000009d7f4ff4d8:   0000000089b15a18 0000000089b15a18 

Instructions: (pc=0x00007ff832b7c857)
0x00007ff832b7c757:   8b c8 4c 8b 50 18 49 ff a2 d8 02 00 00 cc cc cc
0x00007ff832b7c767:   cc cc cc cc cc cc cc cc cc 48 8b 01 49 8b d1 41
0x00007ff832b7c777:   8b c8 4c 8b 50 18 49 ff a2 e0 02 00 00 cc cc cc
0x00007ff832b7c787:   cc cc cc cc cc cc cc cc cc 48 8b 01 49 8b d1 41
0x00007ff832b7c797:   8b c8 4c 8b 50 18 49 ff a2 f0 02 00 00 cc cc cc
0x00007ff832b7c7a7:   cc cc cc cc cc cc cc cc cc 48 8b 01 49 8b d1 41
0x00007ff832b7c7b7:   8b c8 4c 8b 50 18 49 ff a2 f8 02 00 00 cc cc cc
0x00007ff832b7c7c7:   cc cc cc cc cc cc cc cc cc 48 8b 01 49 8b d1 41
0x00007ff832b7c7d7:   8b c8 4c 8b 50 18 49 ff a2 00 03 00 00 cc cc cc
0x00007ff832b7c7e7:   cc cc cc cc cc cc cc cc cc 48 8b 01 49 8b d1 41
0x00007ff832b7c7f7:   8b c8 4c 8b 50 18 49 ff a2 08 03 00 00 cc cc cc
0x00007ff832b7c807:   cc cc cc cc cc cc cc cc cc 48 8b 01 48 8b 48 18
0x00007ff832b7c817:   48 8b 81 10 03 00 00 48 ff e0 cc cc cc cc cc cc
0x00007ff832b7c827:   cc cc cc cc cc cc cc cc cc 48 8b 01 49 8b d1 41
0x00007ff832b7c837:   8b c8 4c 8b 50 18 49 ff a2 68 03 00 00 cc cc cc
0x00007ff832b7c847:   cc cc cc cc cc cc cc cc cc 48 8b 01 48 8b 48 18
0x00007ff832b7c857:   48 8b 81 78 03 00 00 41 8b c8 48 ff e0 cc cc cc
0x00007ff832b7c867:   cc cc cc cc cc cc cc cc cc 40 53 48 8b 01 41 8b
0x00007ff832b7c877:   d8 44 8b 44 24 30 41 8b d1 44 8b 4c 24 38 8b cb
0x00007ff832b7c887:   4c 8b 50 18 48 8b 44 24 40 48 89 44 24 30 5b 49
0x00007ff832b7c897:   ff a2 a8 03 00 00 cc cc cc 40 53 48 8b 01 41 8b
0x00007ff832b7c8a7:   d8 44 8b 44 24 30 41 8b d1 4c 8b 4c 24 38 8b cb
0x00007ff832b7c8b7:   4c 8b 50 18 5b 49 ff a2 b0 03 00 00 cc cc cc cc
0x00007ff832b7c8c7:   cc cc cc cc cc cc cc cc cc 40 53 48 8b 01 41 8b
0x00007ff832b7c8d7:   d8 44 8b 44 24 30 41 8b d1 4c 8b 4c 24 38 8b cb
0x00007ff832b7c8e7:   4c 8b 50 18 5b 49 ff a2 b8 03 00 00 cc cc cc cc
0x00007ff832b7c8f7:   cc cc cc cc cc cc cc cc cc 48 8b 01 45 8b d8 4c
0x00007ff832b7c907:   8b 44 24 28 41 8b d1 41 8b cb 4c 8b 50 18 49 ff
0x00007ff832b7c917:   a2 c0 03 00 00 cc cc cc cc 48 8b 01 45 8b d8 4c
0x00007ff832b7c927:   8b 44 24 28 41 8b d1 41 8b cb 4c 8b 50 18 49 ff
0x00007ff832b7c937:   a2 c8 03 00 00 cc cc cc cc 48 8b 01 41 8b d1 41
0x00007ff832b7c947:   8b c8 4c 8b 50 18 49 ff a2 d0 03 00 00 cc cc cc 


Stack slot to memory mapping:

stack at sp + 0 slots: 0x0000029d1847ce4b is at code_begin+1067 in an Interpreter codelet
native method entry point (kind = native)  [0x0000029d1847ca20, 0x0000029d1847d548]  2856 bytes
stack at sp + 1 slots: {method} {0x0000029d67547df0} 'nglGetString' '(I)J' in 'org/lwjgl/opengl/GL11C'
stack at sp + 2 slots: 0x0000000000000003 is an unknown value
stack at sp + 3 slots: 0x0000000000000003 is an unknown value
stack at sp + 4 slots: 0x0 is null
stack at sp + 5 slots: {method} {0x0000029d67547ed0} 'glGetString' '(I)Ljava/lang/String;' in 'org/lwjgl/opengl/GL11C'
stack at sp + 6 slots: 0x0000029d1847cadf is at code_begin+191 in an Interpreter codelet
native method entry point (kind = native)  [0x0000029d1847ca20, 0x0000029d1847d548]  2856 bytes
stack at sp + 7 slots: 0x0000009d7f4ff320 is pointing into the stack for thread: 0x0000029d08ab2c10


---------------  P R O C E S S  ---------------

Threads class SMR info:
_java_thread_list=0x0000029d25c416e0, length=13, elements={
0x0000029d08ab2c10, 0x0000029d2583d550, 0x0000029d2583e260, 0x0000029d25840fe0,
0x0000029d25841a30, 0x0000029d25842c20, 0x0000029d2584b330, 0x0000029d2586c860,
0x0000029d2586da90, 0x0000029d25ab3990, 0x0000029d25ab6780, 0x0000029d25ab3300,
0x0000029d25d9c480
}

Java Threads: ( => current thread )
=>0x0000029d08ab2c10 JavaThread "main"                              [_thread_in_native, id=19612, stack(0x0000009d7f400000,0x0000009d7f500000) (1024K)]
  0x0000029d2583d550 JavaThread "Reference Handler"          daemon [_thread_blocked, id=18568, stack(0x0000009d7fc00000,0x0000009d7fd00000) (1024K)]
  0x0000029d2583e260 JavaThread "Finalizer"                  daemon [_thread_blocked, id=15580, stack(0x0000009d7fd00000,0x0000009d7fe00000) (1024K)]
  0x0000029d25840fe0 JavaThread "Signal Dispatcher"          daemon [_thread_blocked, id=17288, stack(0x0000009d7fe00000,0x0000009d7ff00000) (1024K)]
  0x0000029d25841a30 JavaThread "Attach Listener"            daemon [_thread_blocked, id=18316, stack(0x0000009d7ff00000,0x0000009d80000000) (1024K)]
  0x0000029d25842c20 JavaThread "Service Thread"             daemon [_thread_blocked, id=9276, stack(0x0000009d00000000,0x0000009d00100000) (1024K)]
  0x0000029d2584b330 JavaThread "Monitor Deflation Thread"   daemon [_thread_blocked, id=18728, stack(0x0000009d00100000,0x0000009d00200000) (1024K)]
  0x0000029d2586c860 JavaThread "C2 CompilerThread0"         daemon [_thread_blocked, id=32, stack(0x0000009d00200000,0x0000009d00300000) (1024K)]
  0x0000029d2586da90 JavaThread "C1 CompilerThread0"         daemon [_thread_blocked, id=12984, stack(0x0000009d00300000,0x0000009d00400000) (1024K)]
  0x0000029d25ab3990 JavaThread "Common-Cleaner"             daemon [_thread_blocked, id=14756, stack(0x0000009d00400000,0x0000009d00500000) (1024K)]
  0x0000029d25ab6780 JavaThread "Monitor Ctrl-Break"         daemon [_thread_in_native, id=3736, stack(0x0000009d00500000,0x0000009d00600000) (1024K)]
  0x0000029d25ab3300 JavaThread "Notification Thread"        daemon [_thread_blocked, id=6764, stack(0x0000009d00600000,0x0000009d00700000) (1024K)]
  0x0000029d25d9c480 JavaThread "C2 CompilerThread1"         daemon [_thread_blocked, id=15648, stack(0x0000009d00700000,0x0000009d00800000) (1024K)]
Total: 13

Other Threads:
  0x0000029d25820790 VMThread "VM Thread"                           [id=624, stack(0x0000009d7fb00000,0x0000009d7fc00000) (1024K)]
  0x0000029d2580eef0 WatcherThread "VM Periodic Task Thread"        [id=18724, stack(0x0000009d7fa00000,0x0000009d7fb00000) (1024K)]
  0x0000029d08b08950 WorkerThread "GC Thread#0"                     [id=7048, stack(0x0000009d7f500000,0x0000009d7f600000) (1024K)]
  0x0000029d08b19670 ConcurrentGCThread "G1 Main Marker"            [id=12240, stack(0x0000009d7f600000,0x0000009d7f700000) (1024K)]
  0x0000029d08b1a810 WorkerThread "G1 Conc#0"                       [id=19692, stack(0x0000009d7f700000,0x0000009d7f800000) (1024K)]
  0x0000029d256de140 ConcurrentGCThread "G1 Refine#0"               [id=16408, stack(0x0000009d7f800000,0x0000009d7f900000) (1024K)]
  0x0000029d256deac0 ConcurrentGCThread "G1 Service"                [id=19700, stack(0x0000009d7f900000,0x0000009d7fa00000) (1024K)]
Total: 7

Threads with active compile tasks:
Total: 0

VM state: not at safepoint (normal execution)

VM Mutex/Monitor currently owned by a thread: None

Heap address: 0x0000000082200000, size: 2014 MB, Compressed Oops mode: 32-bit

CDS archive(s) mapped at: [0x0000029d26000000-0x0000029d26c90000-0x0000029d26c90000), size 13172736, SharedBaseAddress: 0x0000029d26000000, ArchiveRelocationMode: 1.
Compressed class space mapped at: 0x0000029d27000000-0x0000029d67000000, reserved size: 1073741824
Narrow klass base: 0x0000029d26000000, Narrow klass shift: 0, Narrow klass range: 0x100000000

GC Precious Log:
 CardTable entry size: 512
 Card Set container configuration: InlinePtr #cards 5 size 8 Array Of Cards #cards 12 size 40 Howl #buckets 4 coarsen threshold 1843 Howl Bitmap #cards 512 size 80 coarsen threshold 460 Card regions per heap region 1 cards per card region 2048
 CPUs: 12 total, 12 available
 Memory: 8054M
 Large Page Support: Disabled
 NUMA Support: Disabled
 Compressed Oops: Enabled (32-bit)
 Heap Region Size: 1M
 Heap Min Capacity: 8M
 Heap Initial Capacity: 126M
 Heap Max Capacity: 2014M
 Pre-touch: Disabled
 Parallel Workers: 10
 Concurrent Workers: 3
 Concurrent Refinement Workers: 10
 Periodic GC: Disabled

Heap:
 garbage-first heap   total 129024K, used 6144K [0x0000000082200000, 0x0000000100000000)
  region size 1024K, 7 young (7168K), 0 survivors (0K)
 Metaspace       used 3319K, committed 3520K, reserved 1114112K
  class space    used 234K, committed 320K, reserved 1048576K

Heap Regions: E=young(eden), S=young(survivor), O=old, HS=humongous(starts), HC=humongous(continues), CS=collection set, F=free, TAMS=top-at-mark-start, PB=parsable bottom
|   0|0x0000000082200000, 0x0000000082200000, 0x0000000082300000|  0%| F|  |TAMS 0x0000000082200000| PB 0x0000000082200000| Untracked 
|   1|0x0000000082300000, 0x0000000082300000, 0x0000000082400000|  0%| F|  |TAMS 0x0000000082300000| PB 0x0000000082300000| Untracked 
|   2|0x0000000082400000, 0x0000000082400000, 0x0000000082500000|  0%| F|  |TAMS 0x0000000082400000| PB 0x0000000082400000| Untracked 
|   3|0x0000000082500000, 0x0000000082500000, 0x0000000082600000|  0%| F|  |TAMS 0x0000000082500000| PB 0x0000000082500000| Untracked 
|   4|0x0000000082600000, 0x0000000082600000, 0x0000000082700000|  0%| F|  |TAMS 0x0000000082600000| PB 0x0000000082600000| Untracked 
|   5|0x0000000082700000, 0x0000000082700000, 0x0000000082800000|  0%| F|  |TAMS 0x0000000082700000| PB 0x0000000082700000| Untracked 
|   6|0x0000000082800000, 0x0000000082800000, 0x0000000082900000|  0%| F|  |TAMS 0x0000000082800000| PB 0x0000000082800000| Untracked 
|   7|0x0000000082900000, 0x0000000082900000, 0x0000000082a00000|  0%| F|  |TAMS 0x0000000082900000| PB 0x0000000082900000| Untracked 
|   8|0x0000000082a00000, 0x0000000082a00000, 0x0000000082b00000|  0%| F|  |TAMS 0x0000000082a00000| PB 0x0000000082a00000| Untracked 
|   9|0x0000000082b00000, 0x0000000082b00000, 0x0000000082c00000|  0%| F|  |TAMS 0x0000000082b00000| PB 0x0000000082b00000| Untracked 
|  10|0x0000000082c00000, 0x0000000082c00000, 0x0000000082d00000|  0%| F|  |TAMS 0x0000000082c00000| PB 0x0000000082c00000| Untracked 
|  11|0x0000000082d00000, 0x0000000082d00000, 0x0000000082e00000|  0%| F|  |TAMS 0x0000000082d00000| PB 0x0000000082d00000| Untracked 
|  12|0x0000000082e00000, 0x0000000082e00000, 0x0000000082f00000|  0%| F|  |TAMS 0x0000000082e00000| PB 0x0000000082e00000| Untracked 
|  13|0x0000000082f00000, 0x0000000082f00000, 0x0000000083000000|  0%| F|  |TAMS 0x0000000082f00000| PB 0x0000000082f00000| Untracked 
|  14|0x0000000083000000, 0x0000000083000000, 0x0000000083100000|  0%| F|  |TAMS 0x0000000083000000| PB 0x0000000083000000| Untracked 
|  15|0x0000000083100000, 0x0000000083100000, 0x0000000083200000|  0%| F|  |TAMS 0x0000000083100000| PB 0x0000000083100000| Untracked 
|  16|0x0000000083200000, 0x0000000083200000, 0x0000000083300000|  0%| F|  |TAMS 0x0000000083200000| PB 0x0000000083200000| Untracked 
|  17|0x0000000083300000, 0x0000000083300000, 0x0000000083400000|  0%| F|  |TAMS 0x0000000083300000| PB 0x0000000083300000| Untracked 
|  18|0x0000000083400000, 0x0000000083400000, 0x0000000083500000|  0%| F|  |TAMS 0x0000000083400000| PB 0x0000000083400000| Untracked 
|  19|0x0000000083500000, 0x0000000083500000, 0x0000000083600000|  0%| F|  |TAMS 0x0000000083500000| PB 0x0000000083500000| Untracked 
|  20|0x0000000083600000, 0x0000000083600000, 0x0000000083700000|  0%| F|  |TAMS 0x0000000083600000| PB 0x0000000083600000| Untracked 
|  21|0x0000000083700000, 0x0000000083700000, 0x0000000083800000|  0%| F|  |TAMS 0x0000000083700000| PB 0x0000000083700000| Untracked 
|  22|0x0000000083800000, 0x0000000083800000, 0x0000000083900000|  0%| F|  |TAMS 0x0000000083800000| PB 0x0000000083800000| Untracked 
|  23|0x0000000083900000, 0x0000000083900000, 0x0000000083a00000|  0%| F|  |TAMS 0x0000000083900000| PB 0x0000000083900000| Untracked 
|  24|0x0000000083a00000, 0x0000000083a00000, 0x0000000083b00000|  0%| F|  |TAMS 0x0000000083a00000| PB 0x0000000083a00000| Untracked 
|  25|0x0000000083b00000, 0x0000000083b00000, 0x0000000083c00000|  0%| F|  |TAMS 0x0000000083b00000| PB 0x0000000083b00000| Untracked 
|  26|0x0000000083c00000, 0x0000000083c00000, 0x0000000083d00000|  0%| F|  |TAMS 0x0000000083c00000| PB 0x0000000083c00000| Untracked 
|  27|0x0000000083d00000, 0x0000000083d00000, 0x0000000083e00000|  0%| F|  |TAMS 0x0000000083d00000| PB 0x0000000083d00000| Untracked 
|  28|0x0000000083e00000, 0x0000000083e00000, 0x0000000083f00000|  0%| F|  |TAMS 0x0000000083e00000| PB 0x0000000083e00000| Untracked 
|  29|0x0000000083f00000, 0x0000000083f00000, 0x0000000084000000|  0%| F|  |TAMS 0x0000000083f00000| PB 0x0000000083f00000| Untracked 
|  30|0x0000000084000000, 0x0000000084000000, 0x0000000084100000|  0%| F|  |TAMS 0x0000000084000000| PB 0x0000000084000000| Untracked 
|  31|0x0000000084100000, 0x0000000084100000, 0x0000000084200000|  0%| F|  |TAMS 0x0000000084100000| PB 0x0000000084100000| Untracked 
|  32|0x0000000084200000, 0x0000000084200000, 0x0000000084300000|  0%| F|  |TAMS 0x0000000084200000| PB 0x0000000084200000| Untracked 
|  33|0x0000000084300000, 0x0000000084300000, 0x0000000084400000|  0%| F|  |TAMS 0x0000000084300000| PB 0x0000000084300000| Untracked 
|  34|0x0000000084400000, 0x0000000084400000, 0x0000000084500000|  0%| F|  |TAMS 0x0000000084400000| PB 0x0000000084400000| Untracked 
|  35|0x0000000084500000, 0x0000000084500000, 0x0000000084600000|  0%| F|  |TAMS 0x0000000084500000| PB 0x0000000084500000| Untracked 
|  36|0x0000000084600000, 0x0000000084600000, 0x0000000084700000|  0%| F|  |TAMS 0x0000000084600000| PB 0x0000000084600000| Untracked 
|  37|0x0000000084700000, 0x0000000084700000, 0x0000000084800000|  0%| F|  |TAMS 0x0000000084700000| PB 0x0000000084700000| Untracked 
|  38|0x0000000084800000, 0x0000000084800000, 0x0000000084900000|  0%| F|  |TAMS 0x0000000084800000| PB 0x0000000084800000| Untracked 
|  39|0x0000000084900000, 0x0000000084900000, 0x0000000084a00000|  0%| F|  |TAMS 0x0000000084900000| PB 0x0000000084900000| Untracked 
|  40|0x0000000084a00000, 0x0000000084a00000, 0x0000000084b00000|  0%| F|  |TAMS 0x0000000084a00000| PB 0x0000000084a00000| Untracked 
|  41|0x0000000084b00000, 0x0000000084b00000, 0x0000000084c00000|  0%| F|  |TAMS 0x0000000084b00000| PB 0x0000000084b00000| Untracked 
|  42|0x0000000084c00000, 0x0000000084c00000, 0x0000000084d00000|  0%| F|  |TAMS 0x0000000084c00000| PB 0x0000000084c00000| Untracked 
|  43|0x0000000084d00000, 0x0000000084d00000, 0x0000000084e00000|  0%| F|  |TAMS 0x0000000084d00000| PB 0x0000000084d00000| Untracked 
|  44|0x0000000084e00000, 0x0000000084e00000, 0x0000000084f00000|  0%| F|  |TAMS 0x0000000084e00000| PB 0x0000000084e00000| Untracked 
|  45|0x0000000084f00000, 0x0000000084f00000, 0x0000000085000000|  0%| F|  |TAMS 0x0000000084f00000| PB 0x0000000084f00000| Untracked 
|  46|0x0000000085000000, 0x0000000085000000, 0x0000000085100000|  0%| F|  |TAMS 0x0000000085000000| PB 0x0000000085000000| Untracked 
|  47|0x0000000085100000, 0x0000000085100000, 0x0000000085200000|  0%| F|  |TAMS 0x0000000085100000| PB 0x0000000085100000| Untracked 
|  48|0x0000000085200000, 0x0000000085200000, 0x0000000085300000|  0%| F|  |TAMS 0x0000000085200000| PB 0x0000000085200000| Untracked 
|  49|0x0000000085300000, 0x0000000085300000, 0x0000000085400000|  0%| F|  |TAMS 0x0000000085300000| PB 0x0000000085300000| Untracked 
|  50|0x0000000085400000, 0x0000000085400000, 0x0000000085500000|  0%| F|  |TAMS 0x0000000085400000| PB 0x0000000085400000| Untracked 
|  51|0x0000000085500000, 0x0000000085500000, 0x0000000085600000|  0%| F|  |TAMS 0x0000000085500000| PB 0x0000000085500000| Untracked 
|  52|0x0000000085600000, 0x0000000085600000, 0x0000000085700000|  0%| F|  |TAMS 0x0000000085600000| PB 0x0000000085600000| Untracked 
|  53|0x0000000085700000, 0x0000000085700000, 0x0000000085800000|  0%| F|  |TAMS 0x0000000085700000| PB 0x0000000085700000| Untracked 
|  54|0x0000000085800000, 0x0000000085800000, 0x0000000085900000|  0%| F|  |TAMS 0x0000000085800000| PB 0x0000000085800000| Untracked 
|  55|0x0000000085900000, 0x0000000085900000, 0x0000000085a00000|  0%| F|  |TAMS 0x0000000085900000| PB 0x0000000085900000| Untracked 
|  56|0x0000000085a00000, 0x0000000085a00000, 0x0000000085b00000|  0%| F|  |TAMS 0x0000000085a00000| PB 0x0000000085a00000| Untracked 
|  57|0x0000000085b00000, 0x0000000085b00000, 0x0000000085c00000|  0%| F|  |TAMS 0x0000000085b00000| PB 0x0000000085b00000| Untracked 
|  58|0x0000000085c00000, 0x0000000085c00000, 0x0000000085d00000|  0%| F|  |TAMS 0x0000000085c00000| PB 0x0000000085c00000| Untracked 
|  59|0x0000000085d00000, 0x0000000085d00000, 0x0000000085e00000|  0%| F|  |TAMS 0x0000000085d00000| PB 0x0000000085d00000| Untracked 
|  60|0x0000000085e00000, 0x0000000085e00000, 0x0000000085f00000|  0%| F|  |TAMS 0x0000000085e00000| PB 0x0000000085e00000| Untracked 
|  61|0x0000000085f00000, 0x0000000085f00000, 0x0000000086000000|  0%| F|  |TAMS 0x0000000085f00000| PB 0x0000000085f00000| Untracked 
|  62|0x0000000086000000, 0x0000000086000000, 0x0000000086100000|  0%| F|  |TAMS 0x0000000086000000| PB 0x0000000086000000| Untracked 
|  63|0x0000000086100000, 0x0000000086100000, 0x0000000086200000|  0%| F|  |TAMS 0x0000000086100000| PB 0x0000000086100000| Untracked 
|  64|0x0000000086200000, 0x0000000086200000, 0x0000000086300000|  0%| F|  |TAMS 0x0000000086200000| PB 0x0000000086200000| Untracked 
|  65|0x0000000086300000, 0x0000000086300000, 0x0000000086400000|  0%| F|  |TAMS 0x0000000086300000| PB 0x0000000086300000| Untracked 
|  66|0x0000000086400000, 0x0000000086400000, 0x0000000086500000|  0%| F|  |TAMS 0x0000000086400000| PB 0x0000000086400000| Untracked 
|  67|0x0000000086500000, 0x0000000086500000, 0x0000000086600000|  0%| F|  |TAMS 0x0000000086500000| PB 0x0000000086500000| Untracked 
|  68|0x0000000086600000, 0x0000000086600000, 0x0000000086700000|  0%| F|  |TAMS 0x0000000086600000| PB 0x0000000086600000| Untracked 
|  69|0x0000000086700000, 0x0000000086700000, 0x0000000086800000|  0%| F|  |TAMS 0x0000000086700000| PB 0x0000000086700000| Untracked 
|  70|0x0000000086800000, 0x0000000086800000, 0x0000000086900000|  0%| F|  |TAMS 0x0000000086800000| PB 0x0000000086800000| Untracked 
|  71|0x0000000086900000, 0x0000000086900000, 0x0000000086a00000|  0%| F|  |TAMS 0x0000000086900000| PB 0x0000000086900000| Untracked 
|  72|0x0000000086a00000, 0x0000000086a00000, 0x0000000086b00000|  0%| F|  |TAMS 0x0000000086a00000| PB 0x0000000086a00000| Untracked 
|  73|0x0000000086b00000, 0x0000000086b00000, 0x0000000086c00000|  0%| F|  |TAMS 0x0000000086b00000| PB 0x0000000086b00000| Untracked 
|  74|0x0000000086c00000, 0x0000000086c00000, 0x0000000086d00000|  0%| F|  |TAMS 0x0000000086c00000| PB 0x0000000086c00000| Untracked 
|  75|0x0000000086d00000, 0x0000000086d00000, 0x0000000086e00000|  0%| F|  |TAMS 0x0000000086d00000| PB 0x0000000086d00000| Untracked 
|  76|0x0000000086e00000, 0x0000000086e00000, 0x0000000086f00000|  0%| F|  |TAMS 0x0000000086e00000| PB 0x0000000086e00000| Untracked 
|  77|0x0000000086f00000, 0x0000000086f00000, 0x0000000087000000|  0%| F|  |TAMS 0x0000000086f00000| PB 0x0000000086f00000| Untracked 
|  78|0x0000000087000000, 0x0000000087000000, 0x0000000087100000|  0%| F|  |TAMS 0x0000000087000000| PB 0x0000000087000000| Untracked 
|  79|0x0000000087100000, 0x0000000087100000, 0x0000000087200000|  0%| F|  |TAMS 0x0000000087100000| PB 0x0000000087100000| Untracked 
|  80|0x0000000087200000, 0x0000000087200000, 0x0000000087300000|  0%| F|  |TAMS 0x0000000087200000| PB 0x0000000087200000| Untracked 
|  81|0x0000000087300000, 0x0000000087300000, 0x0000000087400000|  0%| F|  |TAMS 0x0000000087300000| PB 0x0000000087300000| Untracked 
|  82|0x0000000087400000, 0x0000000087400000, 0x0000000087500000|  0%| F|  |TAMS 0x0000000087400000| PB 0x0000000087400000| Untracked 
|  83|0x0000000087500000, 0x0000000087500000, 0x0000000087600000|  0%| F|  |TAMS 0x0000000087500000| PB 0x0000000087500000| Untracked 
|  84|0x0000000087600000, 0x0000000087600000, 0x0000000087700000|  0%| F|  |TAMS 0x0000000087600000| PB 0x0000000087600000| Untracked 
|  85|0x0000000087700000, 0x0000000087700000, 0x0000000087800000|  0%| F|  |TAMS 0x0000000087700000| PB 0x0000000087700000| Untracked 
|  86|0x0000000087800000, 0x0000000087800000, 0x0000000087900000|  0%| F|  |TAMS 0x0000000087800000| PB 0x0000000087800000| Untracked 
|  87|0x0000000087900000, 0x0000000087900000, 0x0000000087a00000|  0%| F|  |TAMS 0x0000000087900000| PB 0x0000000087900000| Untracked 
|  88|0x0000000087a00000, 0x0000000087a00000, 0x0000000087b00000|  0%| F|  |TAMS 0x0000000087a00000| PB 0x0000000087a00000| Untracked 
|  89|0x0000000087b00000, 0x0000000087b00000, 0x0000000087c00000|  0%| F|  |TAMS 0x0000000087b00000| PB 0x0000000087b00000| Untracked 
|  90|0x0000000087c00000, 0x0000000087c00000, 0x0000000087d00000|  0%| F|  |TAMS 0x0000000087c00000| PB 0x0000000087c00000| Untracked 
|  91|0x0000000087d00000, 0x0000000087d00000, 0x0000000087e00000|  0%| F|  |TAMS 0x0000000087d00000| PB 0x0000000087d00000| Untracked 
|  92|0x0000000087e00000, 0x0000000087e00000, 0x0000000087f00000|  0%| F|  |TAMS 0x0000000087e00000| PB 0x0000000087e00000| Untracked 
|  93|0x0000000087f00000, 0x0000000087f00000, 0x0000000088000000|  0%| F|  |TAMS 0x0000000087f00000| PB 0x0000000087f00000| Untracked 
|  94|0x0000000088000000, 0x0000000088000000, 0x0000000088100000|  0%| F|  |TAMS 0x0000000088000000| PB 0x0000000088000000| Untracked 
|  95|0x0000000088100000, 0x0000000088100000, 0x0000000088200000|  0%| F|  |TAMS 0x0000000088100000| PB 0x0000000088100000| Untracked 
|  96|0x0000000088200000, 0x0000000088200000, 0x0000000088300000|  0%| F|  |TAMS 0x0000000088200000| PB 0x0000000088200000| Untracked 
|  97|0x0000000088300000, 0x0000000088300000, 0x0000000088400000|  0%| F|  |TAMS 0x0000000088300000| PB 0x0000000088300000| Untracked 
|  98|0x0000000088400000, 0x0000000088400000, 0x0000000088500000|  0%| F|  |TAMS 0x0000000088400000| PB 0x0000000088400000| Untracked 
|  99|0x0000000088500000, 0x0000000088500000, 0x0000000088600000|  0%| F|  |TAMS 0x0000000088500000| PB 0x0000000088500000| Untracked 
| 100|0x0000000088600000, 0x0000000088600000, 0x0000000088700000|  0%| F|  |TAMS 0x0000000088600000| PB 0x0000000088600000| Untracked 
| 101|0x0000000088700000, 0x0000000088700000, 0x0000000088800000|  0%| F|  |TAMS 0x0000000088700000| PB 0x0000000088700000| Untracked 
| 102|0x0000000088800000, 0x0000000088800000, 0x0000000088900000|  0%| F|  |TAMS 0x0000000088800000| PB 0x0000000088800000| Untracked 
| 103|0x0000000088900000, 0x0000000088900000, 0x0000000088a00000|  0%| F|  |TAMS 0x0000000088900000| PB 0x0000000088900000| Untracked 
| 104|0x0000000088a00000, 0x0000000088a00000, 0x0000000088b00000|  0%| F|  |TAMS 0x0000000088a00000| PB 0x0000000088a00000| Untracked 
| 105|0x0000000088b00000, 0x0000000088b00000, 0x0000000088c00000|  0%| F|  |TAMS 0x0000000088b00000| PB 0x0000000088b00000| Untracked 
| 106|0x0000000088c00000, 0x0000000088c00000, 0x0000000088d00000|  0%| F|  |TAMS 0x0000000088c00000| PB 0x0000000088c00000| Untracked 
| 107|0x0000000088d00000, 0x0000000088d00000, 0x0000000088e00000|  0%| F|  |TAMS 0x0000000088d00000| PB 0x0000000088d00000| Untracked 
| 108|0x0000000088e00000, 0x0000000088e00000, 0x0000000088f00000|  0%| F|  |TAMS 0x0000000088e00000| PB 0x0000000088e00000| Untracked 
| 109|0x0000000088f00000, 0x0000000088f00000, 0x0000000089000000|  0%| F|  |TAMS 0x0000000088f00000| PB 0x0000000088f00000| Untracked 
| 110|0x0000000089000000, 0x0000000089000000, 0x0000000089100000|  0%| F|  |TAMS 0x0000000089000000| PB 0x0000000089000000| Untracked 
| 111|0x0000000089100000, 0x0000000089100000, 0x0000000089200000|  0%| F|  |TAMS 0x0000000089100000| PB 0x0000000089100000| Untracked 
| 112|0x0000000089200000, 0x0000000089200000, 0x0000000089300000|  0%| F|  |TAMS 0x0000000089200000| PB 0x0000000089200000| Untracked 
| 113|0x0000000089300000, 0x0000000089300000, 0x0000000089400000|  0%| F|  |TAMS 0x0000000089300000| PB 0x0000000089300000| Untracked 
| 114|0x0000000089400000, 0x0000000089400000, 0x0000000089500000|  0%| F|  |TAMS 0x0000000089400000| PB 0x0000000089400000| Untracked 
| 115|0x0000000089500000, 0x0000000089500000, 0x0000000089600000|  0%| F|  |TAMS 0x0000000089500000| PB 0x0000000089500000| Untracked 
| 116|0x0000000089600000, 0x0000000089600000, 0x0000000089700000|  0%| F|  |TAMS 0x0000000089600000| PB 0x0000000089600000| Untracked 
| 117|0x0000000089700000, 0x0000000089700000, 0x0000000089800000|  0%| F|  |TAMS 0x0000000089700000| PB 0x0000000089700000| Untracked 
| 118|0x0000000089800000, 0x0000000089800000, 0x0000000089900000|  0%| F|  |TAMS 0x0000000089800000| PB 0x0000000089800000| Untracked 
| 119|0x0000000089900000, 0x0000000089997e10, 0x0000000089a00000| 59%| E|  |TAMS 0x0000000089900000| PB 0x0000000089900000| Complete 
| 120|0x0000000089a00000, 0x0000000089b00000, 0x0000000089b00000|100%| E|CS|TAMS 0x0000000089a00000| PB 0x0000000089a00000| Complete 
| 121|0x0000000089b00000, 0x0000000089c00000, 0x0000000089c00000|100%| E|CS|TAMS 0x0000000089b00000| PB 0x0000000089b00000| Complete 
| 122|0x0000000089c00000, 0x0000000089d00000, 0x0000000089d00000|100%| E|CS|TAMS 0x0000000089c00000| PB 0x0000000089c00000| Complete 
| 123|0x0000000089d00000, 0x0000000089e00000, 0x0000000089e00000|100%| E|CS|TAMS 0x0000000089d00000| PB 0x0000000089d00000| Complete 
| 124|0x0000000089e00000, 0x0000000089f00000, 0x0000000089f00000|100%| E|CS|TAMS 0x0000000089e00000| PB 0x0000000089e00000| Complete 
| 125|0x0000000089f00000, 0x000000008a000000, 0x000000008a000000|100%| E|CS|TAMS 0x0000000089f00000| PB 0x0000000089f00000| Complete 

Card table byte_map: [0x0000029d20890000,0x0000029d20c80000] _byte_map_base: 0x0000029d2047f000

Marking Bits: (CMBitMap*) 0x0000029d08b08f50
 Bits: [0x0000029d20c80000, 0x0000029d22bf8000)

Polling page: 0x0000029d06a20000

Metaspace:

Usage:
  Non-class:      3.01 MB used.
      Class:    234.53 KB used.
       Both:      3.24 MB used.

Virtual space:
  Non-class space:       64.00 MB reserved,       3.12 MB (  5%) committed,  1 nodes.
      Class space:        1.00 GB reserved,     320.00 KB ( <1%) committed,  1 nodes.
             Both:        1.06 GB reserved,       3.44 MB ( <1%) committed. 

Chunk freelists:
   Non-Class:  10.67 MB
       Class:  15.64 MB
        Both:  26.31 MB

MaxMetaspaceSize: unlimited
CompressedClassSpaceSize: 1.00 GB
Initial GC threshold: 21.00 MB
Current GC threshold: 21.00 MB
CDS: on
 - commit_granule_bytes: 65536.
 - commit_granule_words: 8192.
 - virtual_space_node_default_size: 8388608.
 - enlarge_chunks_in_place: 1.
 - use_allocation_guard: 0.


Internal statistics:

num_allocs_failed_limit: 0.
num_arena_births: 76.
num_arena_deaths: 0.
num_vsnodes_births: 2.
num_vsnodes_deaths: 0.
num_space_committed: 55.
num_space_uncommitted: 0.
num_chunks_returned_to_freelist: 0.
num_chunks_taken_from_freelist: 150.
num_chunk_merges: 0.
num_chunk_splits: 100.
num_chunks_enlarged: 64.
num_inconsistent_stats: 0.

CodeHeap 'non-profiled nmethods': size=120000Kb used=195Kb max_used=195Kb free=119804Kb
 bounds [0x0000029d18a10000, 0x0000029d18c80000, 0x0000029d1ff40000]
CodeHeap 'profiled nmethods': size=120000Kb used=795Kb max_used=795Kb free=119204Kb
 bounds [0x0000029d10f40000, 0x0000029d111b0000, 0x0000029d18470000]
CodeHeap 'non-nmethods': size=5760Kb used=1422Kb max_used=1435Kb free=4338Kb
 bounds [0x0000029d18470000, 0x0000029d186e0000, 0x0000029d18a10000]
 total_blobs=1074 nmethods=558 adapters=421
 compilation: enabled
              stopped_count=0, restarted_count=0
 full_count=0

Compilation events (20 events):
Event: 0.324 Thread 0x0000029d2586da90  547       3       java.lang.invoke.MemberName::isStatic (8 bytes)
Event: 0.324 Thread 0x0000029d2586da90 nmethod 547 0x0000029d11002d10 code [0x0000029d11002ea0, 0x0000029d11003068]
Event: 0.324 Thread 0x0000029d2586da90  545       3       java.lang.invoke.MemberName::<init> (50 bytes)
Event: 0.324 Thread 0x0000029d2586da90 nmethod 545 0x0000029d11003110 code [0x0000029d11003300, 0x0000029d11003628]
Event: 0.325 Thread 0x0000029d2586da90  550       1       java.security.CodeSource::getLocation (5 bytes)
Event: 0.325 Thread 0x0000029d2586da90 nmethod 550 0x0000029d18a40590 code [0x0000029d18a40720, 0x0000029d18a407e8]
Event: 0.326 Thread 0x0000029d2586da90  551       3       java.util.ArrayList::add (25 bytes)
Event: 0.326 Thread 0x0000029d2586da90 nmethod 551 0x0000029d11003790 code [0x0000029d11003960, 0x0000029d11003d88]
Event: 0.326 Thread 0x0000029d2586da90  555       3       sun.misc.Unsafe::putLong (11 bytes)
Event: 0.326 Thread 0x0000029d2586da90 nmethod 555 0x0000029d11003f90 code [0x0000029d11004120, 0x0000029d11004230]
Event: 0.326 Thread 0x0000029d2586da90  556       3       org.lwjgl.system.MemoryUtil::memPutAddress (29 bytes)
Event: 0.326 Thread 0x0000029d25d9c480  557       4       sun.misc.Unsafe::putLong (11 bytes)
Event: 0.326 Thread 0x0000029d2586da90 nmethod 556 0x0000029d11004310 code [0x0000029d110044c0, 0x0000029d110046b8]
Event: 0.326 Thread 0x0000029d2586da90  554       3       java.lang.Integer::toUnsignedLong (7 bytes)
Event: 0.326 Thread 0x0000029d2586da90 nmethod 554 0x0000029d11004790 code [0x0000029d11004920, 0x0000029d11004a20]
Event: 0.326 Thread 0x0000029d2586da90  558  s!   3       jdk.internal.loader.URLClassPath::getLoader (194 bytes)
Event: 0.326 Thread 0x0000029d25d9c480 nmethod 557 0x0000029d18a40c90 code [0x0000029d18a40e00, 0x0000029d18a40eb8]
Event: 0.327 Thread 0x0000029d2586da90 nmethod 558 0x0000029d11004a90 code [0x0000029d11004da0, 0x0000029d110060e8]
Event: 0.327 Thread 0x0000029d2586da90  552       3       java.util.ArrayList::add (23 bytes)
Event: 0.327 Thread 0x0000029d2586da90 nmethod 552 0x0000029d11006890 code [0x0000029d11006a60, 0x0000029d11006e08]

GC Heap History (0 events):
No events

Dll operation events (12 events):
Event: 0.018 Loaded shared library C:\Program Files\Java\jdk-21\bin\java.dll
Event: 0.052 Loaded shared library C:\Program Files\Java\jdk-21\bin\jsvml.dll
Event: 0.084 Loaded shared library C:\Program Files\Java\jdk-21\bin\zip.dll
Event: 0.088 Loaded shared library C:\Program Files\Java\jdk-21\bin\instrument.dll
Event: 0.095 Loaded shared library C:\Program Files\Java\jdk-21\bin\net.dll
Event: 0.099 Loaded shared library C:\Program Files\Java\jdk-21\bin\nio.dll
Event: 0.102 Loaded shared library C:\Program Files\Java\jdk-21\bin\zip.dll
Event: 0.125 Loaded shared library C:\Program Files\Java\jdk-21\bin\extnet.dll
Event: 0.132 Loaded shared library C:\Program Files\Java\jdk-21\bin\verify.dll
Event: 0.196 Loaded shared library C:\Program Files\Java\jdk-21\bin\jimage.dll
Event: 0.223 Loaded shared library C:\Users\jared\AppData\Local\Temp\lwjgl_jared\3.3.3+5\x64\lwjgl.dll
Event: 0.275 Loaded shared library C:\Users\jared\AppData\Local\Temp\lwjgl_jared\3.3.3+5\x64\lwjgl_opengl.dll

Deoptimization events (20 events):
Event: 0.279 Thread 0x0000029d08ab2c10 DEOPT PACKING pc=0x0000029d10fd9d75 sp=0x0000009d7f4fd730
Event: 0.279 Thread 0x0000029d08ab2c10 DEOPT UNPACKING pc=0x0000029d184c4e42 sp=0x0000009d7f4fcbc8 mode 0
Event: 0.279 Thread 0x0000029d08ab2c10 DEOPT PACKING pc=0x0000029d10fd9d75 sp=0x0000009d7f4fd730
Event: 0.279 Thread 0x0000029d08ab2c10 DEOPT UNPACKING pc=0x0000029d184c4e42 sp=0x0000009d7f4fcbc8 mode 0
Event: 0.280 Thread 0x0000029d08ab2c10 DEOPT PACKING pc=0x0000029d10fd9d75 sp=0x0000009d7f4fd730
Event: 0.280 Thread 0x0000029d08ab2c10 DEOPT UNPACKING pc=0x0000029d184c4e42 sp=0x0000009d7f4fcbc8 mode 0
Event: 0.281 Thread 0x0000029d08ab2c10 DEOPT PACKING pc=0x0000029d10fd9d75 sp=0x0000009d7f4fd730
Event: 0.281 Thread 0x0000029d08ab2c10 DEOPT UNPACKING pc=0x0000029d184c4e42 sp=0x0000009d7f4fcbc8 mode 0
Event: 0.281 Thread 0x0000029d08ab2c10 DEOPT PACKING pc=0x0000029d10fd9e6b sp=0x0000009d7f4fd730
Event: 0.281 Thread 0x0000029d08ab2c10 DEOPT UNPACKING pc=0x0000029d184c4e42 sp=0x0000009d7f4fcbc8 mode 0
Event: 0.281 Thread 0x0000029d08ab2c10 DEOPT PACKING pc=0x0000029d10fd9d75 sp=0x0000009d7f4fd730
Event: 0.281 Thread 0x0000029d08ab2c10 DEOPT UNPACKING pc=0x0000029d184c4e42 sp=0x0000009d7f4fcbc8 mode 0
Event: 0.282 Thread 0x0000029d08ab2c10 DEOPT PACKING pc=0x0000029d10fd9e6b sp=0x0000009d7f4fd730
Event: 0.282 Thread 0x0000029d08ab2c10 DEOPT UNPACKING pc=0x0000029d184c4e42 sp=0x0000009d7f4fcbc8 mode 0
Event: 0.282 Thread 0x0000029d08ab2c10 DEOPT PACKING pc=0x0000029d10fd9d75 sp=0x0000009d7f4fd730
Event: 0.282 Thread 0x0000029d08ab2c10 DEOPT UNPACKING pc=0x0000029d184c4e42 sp=0x0000009d7f4fcbc8 mode 0
Event: 0.282 Thread 0x0000029d08ab2c10 DEOPT PACKING pc=0x0000029d10fd9e6b sp=0x0000009d7f4fd730
Event: 0.282 Thread 0x0000029d08ab2c10 DEOPT UNPACKING pc=0x0000029d184c4e42 sp=0x0000009d7f4fcbc8 mode 0
Event: 0.282 Thread 0x0000029d08ab2c10 DEOPT PACKING pc=0x0000029d10fd9e6b sp=0x0000009d7f4fd730
Event: 0.282 Thread 0x0000029d08ab2c10 DEOPT UNPACKING pc=0x0000029d184c4e42 sp=0x0000009d7f4fcbc8 mode 0

Classes loaded (20 events):
Event: 0.288 Loading class java/nio/DirectCharBufferU
Event: 0.288 Loading class java/nio/DirectCharBufferU done
Event: 0.288 Loading class java/nio/DirectFloatBufferU
Event: 0.288 Loading class java/nio/DirectFloatBufferU done
Event: 0.288 Loading class java/nio/DirectDoubleBufferU
Event: 0.289 Loading class java/nio/DirectDoubleBufferU done
Event: 0.289 Loading class sun/misc/Unsafe
Event: 0.289 Loading class sun/misc/Unsafe done
Event: 0.289 Loading class java/lang/invoke/DirectMethodHandle$StaticAccessor
Event: 0.289 Loading class java/lang/invoke/DirectMethodHandle$StaticAccessor done
Event: 0.291 Loading class java/util/function/LongPredicate
Event: 0.291 Loading class java/util/function/LongPredicate done
Event: 0.293 Loading class java/lang/foreign/MemorySegment
Event: 0.294 Loading class java/lang/foreign/MemorySegment done
Event: 0.298 Loading class java/nio/InvalidMarkException
Event: 0.298 Loading class java/nio/InvalidMarkException done
Event: 0.298 Loading class java/nio/BufferUnderflowException
Event: 0.298 Loading class java/nio/BufferUnderflowException done
Event: 0.324 Loading class java/util/Formatter$FixedString
Event: 0.324 Loading class java/util/Formatter$FixedString done

Classes unloaded (0 events):
No events

Classes redefined (0 events):
No events

Internal exceptions (20 events):
Event: 0.178 Thread 0x0000029d08ab2c10 Exception <a 'java/lang/NoSuchMethodError'{0x0000000089b85288}: 'void java.lang.System.load(java.lang.String, java.lang.Class)'> (0x0000000089b85288) 
thrown [s\open\src\hotspot\share\interpreter\linkResolver.cpp, line 773]
Event: 0.178 Thread 0x0000029d08ab2c10 Exception <a 'java/lang/NoSuchMethodError'{0x0000000089b85c58}: 'void java.lang.invoke.DirectMethodHandle$Holder.invokeSpecial(java.lang.Object, java.lang.Object, java.lang.Object)'> (0x0000000089b85c58) 
thrown [s\open\src\hotspot\share\interpreter\linkResolver.cpp, line 773]
Event: 0.180 Thread 0x0000029d08ab2c10 Exception <a 'java/lang/NoSuchMethodError'{0x0000000089b93998}: 'java.lang.Object java.lang.invoke.DirectMethodHandle$Holder.invokeStatic(java.lang.Object, java.lang.Object, int)'> (0x0000000089b93998) 
thrown [s\open\src\hotspot\share\interpreter\linkResolver.cpp, line 773]
Event: 0.181 Thread 0x0000029d08ab2c10 Exception <a 'java/lang/NoSuchMethodError'{0x0000000089b9efc0}: 'void java.lang.invoke.DelegatingMethodHandle$Holder.delegate(java.lang.Object, java.lang.Object, int, java.lang.Object)'> (0x0000000089b9efc0) 
thrown [s\open\src\hotspot\share\interpreter\linkResolver.cpp, line 773]
Event: 0.181 Thread 0x0000029d08ab2c10 Exception <a 'java/lang/NoSuchMethodError'{0x0000000089ba2cb0}: 'int java.lang.invoke.DirectMethodHandle$Holder.invokeSpecial(java.lang.Object, java.lang.Object, java.lang.Object)'> (0x0000000089ba2cb0) 
thrown [s\open\src\hotspot\share\interpreter\linkResolver.cpp, line 773]
Event: 0.184 Thread 0x0000029d08ab2c10 Exception <a 'java/lang/NoSuchMethodError'{0x0000000089bbc620}: 'void java.lang.System.loadLibrary(java.lang.String, java.lang.Class)'> (0x0000000089bbc620) 
thrown [s\open\src\hotspot\share\interpreter\linkResolver.cpp, line 773]
Event: 0.194 Thread 0x0000029d08ab2c10 Exception <a 'java/lang/NoSuchMethodError'{0x0000000089a0e110}: 'void java.lang.System.load(java.lang.String, java.lang.Class)'> (0x0000000089a0e110) 
thrown [s\open\src\hotspot\share\interpreter\linkResolver.cpp, line 773]
Event: 0.195 Thread 0x0000029d08ab2c10 Exception <a 'java/lang/NoSuchMethodError'{0x0000000089a10ae8}: 'void java.lang.System.loadLibrary(java.lang.String, java.lang.Class)'> (0x0000000089a10ae8) 
thrown [s\open\src\hotspot\share\interpreter\linkResolver.cpp, line 773]
Event: 0.213 Thread 0x0000029d08ab2c10 Exception <a 'sun/nio/fs/WindowsException'{0x0000000089a3d828}> (0x0000000089a3d828) 
thrown [s\open\src\hotspot\share\prims\jni.cpp, line 520]
Event: 0.214 Thread 0x0000029d08ab2c10 Exception <a 'sun/nio/fs/WindowsException'{0x0000000089a3dd78}> (0x0000000089a3dd78) 
thrown [s\open\src\hotspot\share\prims\jni.cpp, line 520]
Event: 0.267 Thread 0x0000029d08ab2c10 Exception <a 'sun/nio/fs/WindowsException'{0x0000000089ab3cd8}> (0x0000000089ab3cd8) 
thrown [s\open\src\hotspot\share\prims\jni.cpp, line 520]
Event: 0.267 Thread 0x0000029d08ab2c10 Exception <a 'sun/nio/fs/WindowsException'{0x0000000089ab4078}> (0x0000000089ab4078) 
thrown [s\open\src\hotspot\share\prims\jni.cpp, line 520]
Event: 0.283 Thread 0x0000029d08ab2c10 Exception <a 'sun/nio/fs/WindowsException'{0x0000000089abc2b0}> (0x0000000089abc2b0) 
thrown [s\open\src\hotspot\share\prims\jni.cpp, line 520]
Event: 0.283 Thread 0x0000029d08ab2c10 Exception <a 'sun/nio/fs/WindowsException'{0x0000000089abc580}> (0x0000000089abc580) 
thrown [s\open\src\hotspot\share\prims\jni.cpp, line 520]
Event: 0.292 Thread 0x0000029d08ab2c10 Exception <a 'java/lang/NoSuchMethodError'{0x0000000089908200}: 'int java.lang.invoke.DirectMethodHandle$Holder.invokeStaticInit(java.lang.Object, java.lang.Object, int, long)'> (0x0000000089908200) 
thrown [s\open\src\hotspot\share\interpreter\linkResolver.cpp, line 773]
Event: 0.292 Thread 0x0000029d08ab2c10 Exception <a 'java/lang/NoSuchMethodError'{0x000000008990d560}: 'java.lang.Object java.lang.invoke.DirectMethodHandle$Holder.newInvokeSpecial(java.lang.Object, java.lang.Object, int)'> (0x000000008990d560) 
thrown [s\open\src\hotspot\share\interpreter\linkResolver.cpp, line 773]
Event: 0.295 Thread 0x0000029d08ab2c10 Exception <a 'java/lang/NoSuchMethodError'{0x000000008991bb08}: 'int java.lang.invoke.DirectMethodHandle$Holder.invokeStaticInit(java.lang.Object, java.lang.Object, long, long)'> (0x000000008991bb08) 
thrown [s\open\src\hotspot\share\interpreter\linkResolver.cpp, line 773]
Event: 0.296 Thread 0x0000029d08ab2c10 Exception <a 'java/lang/NoSuchMethodError'{0x0000000089921640}: 'java.lang.Object java.lang.invoke.DirectMethodHandle$Holder.newInvokeSpecial(java.lang.Object, java.lang.Object, long)'> (0x0000000089921640) 
thrown [s\open\src\hotspot\share\interpreter\linkResolver.cpp, line 773]
Event: 0.296 Thread 0x0000029d08ab2c10 Exception <a 'java/lang/NoSuchMethodError'{0x00000000899256b8}: 'java.lang.Object java.lang.invoke.Invokers$Holder.linkToTargetMethod(java.lang.Object, long, java.lang.Object)'> (0x00000000899256b8) 
thrown [s\open\src\hotspot\share\interpreter\linkResolver.cpp, line 773]
Event: 0.297 Thread 0x0000029d08ab2c10 Exception <a 'java/lang/NoSuchMethodError'{0x000000008992c760}: 'int java.lang.invoke.DirectMethodHandle$Holder.invokeStaticInit(java.lang.Object, java.lang.Object, java.lang.Object, long)'> (0x000000008992c760) 
thrown [s\open\src\hotspot\share\interpreter\linkResolver.cpp, line 773]

ZGC Phase Switch (0 events):
No events

VM Operations (2 events):
Event: 0.070 Executing VM operation: HandshakeAllThreads (Deoptimize)
Event: 0.070 Executing VM operation: HandshakeAllThreads (Deoptimize) done

Events (13 events):
Event: 0.032 Thread 0x0000029d08ab2c10 Thread added: 0x0000029d08ab2c10
Event: 0.043 Thread 0x0000029d2583d550 Thread added: 0x0000029d2583d550
Event: 0.043 Thread 0x0000029d2583e260 Thread added: 0x0000029d2583e260
Event: 0.044 Thread 0x0000029d25840fe0 Thread added: 0x0000029d25840fe0
Event: 0.044 Thread 0x0000029d25841a30 Thread added: 0x0000029d25841a30
Event: 0.044 Thread 0x0000029d25842c20 Thread added: 0x0000029d25842c20
Event: 0.044 Thread 0x0000029d2584b330 Thread added: 0x0000029d2584b330
Event: 0.044 Thread 0x0000029d2586c860 Thread added: 0x0000029d2586c860
Event: 0.044 Thread 0x0000029d2586da90 Thread added: 0x0000029d2586da90
Event: 0.065 Thread 0x0000029d25ab3990 Thread added: 0x0000029d25ab3990
Event: 0.116 Thread 0x0000029d25ab6780 Thread added: 0x0000029d25ab6780
Event: 0.116 Thread 0x0000029d25ab3300 Thread added: 0x0000029d25ab3300
Event: 0.263 Thread 0x0000029d25d9c480 Thread added: 0x0000029d25d9c480


Dynamic libraries:
0x00007ff68b0f0000 - 0x00007ff68b100000 	C:\Program Files\Java\jdk-21\bin\java.exe
0x00007ff86b9d0000 - 0x00007ff86bbc8000 	C:\windows\SYSTEM32\ntdll.dll
0x00007ff838220000 - 0x00007ff838240000 	C:\Program Files\Avast Software\Avast\aswhook.dll
0x00007ff86b520000 - 0x00007ff86b5e2000 	C:\windows\System32\KERNEL32.DLL
0x00007ff8693a0000 - 0x00007ff869696000 	C:\windows\System32\KERNELBASE.dll
0x00007ff8696d0000 - 0x00007ff8697d0000 	C:\windows\System32\ucrtbase.dll
0x00007ff865020000 - 0x00007ff86503b000 	C:\Program Files\Java\jdk-21\bin\VCRUNTIME140.dll
0x00007ff865000000 - 0x00007ff865019000 	C:\Program Files\Java\jdk-21\bin\jli.dll
0x00007ff869ba0000 - 0x00007ff869c51000 	C:\windows\System32\ADVAPI32.dll
0x00007ff869dc0000 - 0x00007ff869e5e000 	C:\windows\System32\msvcrt.dll
0x00007ff869d20000 - 0x00007ff869dbf000 	C:\windows\System32\sechost.dll
0x00007ff86a7e0000 - 0x00007ff86a900000 	C:\windows\System32\RPCRT4.dll
0x00007ff8696a0000 - 0x00007ff8696c7000 	C:\windows\System32\bcrypt.dll
0x00007ff8699f0000 - 0x00007ff869b91000 	C:\windows\System32\USER32.dll
0x00007ff869060000 - 0x00007ff869082000 	C:\windows\System32\win32u.dll
0x00007ff85ac80000 - 0x00007ff85af1b000 	C:\windows\WinSxS\amd64_microsoft.windows.common-controls_6595b64144ccf1df_6.0.19041.6456_none_60b8a6cb71f64256\COMCTL32.dll
0x00007ff869c60000 - 0x00007ff869c8b000 	C:\windows\System32\GDI32.dll
0x00007ff869880000 - 0x00007ff869999000 	C:\windows\System32\gdi32full.dll
0x00007ff869300000 - 0x00007ff86939d000 	C:\windows\System32\msvcp_win.dll
0x00007ff8630f0000 - 0x00007ff8630fa000 	C:\windows\SYSTEM32\VERSION.dll
0x00007ff869cf0000 - 0x00007ff869d1f000 	C:\windows\System32\IMM32.DLL
0x00007ff863fa0000 - 0x00007ff863fac000 	C:\Program Files\Java\jdk-21\bin\vcruntime140_1.dll
0x00007ff838fe0000 - 0x00007ff83906e000 	C:\Program Files\Java\jdk-21\bin\msvcp140.dll
0x00007fffcb930000 - 0x00007fffcc648000 	C:\Program Files\Java\jdk-21\bin\server\jvm.dll
0x00007ff86aa10000 - 0x00007ff86aa7b000 	C:\windows\System32\WS2_32.dll
0x00007ff8685c0000 - 0x00007ff86860b000 	C:\windows\SYSTEM32\POWRPROF.dll
0x00007ff85bc60000 - 0x00007ff85bc87000 	C:\windows\SYSTEM32\WINMM.dll
0x00007ff868430000 - 0x00007ff868442000 	C:\windows\SYSTEM32\UMPDC.dll
0x00007ff867850000 - 0x00007ff867862000 	C:\windows\SYSTEM32\kernel.appcore.dll
0x00007ff860ff0000 - 0x00007ff860ffa000 	C:\Program Files\Java\jdk-21\bin\jimage.dll
0x00007ff860830000 - 0x00007ff860a31000 	C:\windows\SYSTEM32\DBGHELP.DLL
0x00007ff860790000 - 0x00007ff8607c4000 	C:\windows\SYSTEM32\dbgcore.DLL
0x00007ff869090000 - 0x00007ff869112000 	C:\windows\System32\bcryptPrimitives.dll
0x00007ff83c170000 - 0x00007ff83c17f000 	C:\Program Files\Java\jdk-21\bin\instrument.dll
0x00007ff83c150000 - 0x00007ff83c16f000 	C:\Program Files\Java\jdk-21\bin\java.dll
0x00007ff869f40000 - 0x00007ff86a6b0000 	C:\windows\System32\SHELL32.dll
0x00007ff866fc0000 - 0x00007ff867765000 	C:\windows\SYSTEM32\windows.storage.dll
0x00007ff86af50000 - 0x00007ff86b2a4000 	C:\windows\System32\combase.dll
0x00007ff868a90000 - 0x00007ff868abb000 	C:\windows\SYSTEM32\Wldp.dll
0x00007ff86b660000 - 0x00007ff86b72d000 	C:\windows\System32\OLEAUT32.dll
0x00007ff86b350000 - 0x00007ff86b3fd000 	C:\windows\System32\SHCORE.dll
0x00007ff86aef0000 - 0x00007ff86af4b000 	C:\windows\System32\shlwapi.dll
0x00007ff868f90000 - 0x00007ff868fb4000 	C:\windows\SYSTEM32\profapi.dll
0x00007ff832bd0000 - 0x00007ff832ca7000 	C:\Program Files\Java\jdk-21\bin\jsvml.dll
0x00007ff83bf60000 - 0x00007ff83bf78000 	C:\Program Files\Java\jdk-21\bin\zip.dll
0x00007ff83c140000 - 0x00007ff83c150000 	C:\Program Files\Java\jdk-21\bin\net.dll
0x00007ff865280000 - 0x00007ff86538a000 	C:\windows\SYSTEM32\WINHTTP.dll
0x00007ff8687a0000 - 0x00007ff86880a000 	C:\windows\system32\mswsock.dll
0x00007ff83a300000 - 0x00007ff83a316000 	C:\Program Files\Java\jdk-21\bin\nio.dll
0x00007ff83b650000 - 0x00007ff83b659000 	C:\Program Files\Java\jdk-21\bin\extnet.dll
0x00007ff83b270000 - 0x00007ff83b280000 	C:\Program Files\Java\jdk-21\bin\verify.dll
0x00007ff838f60000 - 0x00007ff838fdb000 	C:\Users\jared\AppData\Local\Temp\lwjgl_jared\3.3.3+5\x64\lwjgl.dll
0x00007ff832b70000 - 0x00007ff832bce000 	C:\Users\jared\AppData\Local\Temp\lwjgl_jared\3.3.3+5\x64\lwjgl_opengl.dll
0x00007fffd55e0000 - 0x00007fffd5708000 	C:\windows\SYSTEM32\opengl32.dll
0x00007fffd55b0000 - 0x00007fffd55dc000 	C:\windows\SYSTEM32\GLU32.dll

dbghelp: loaded successfully - version: 4.0.5 - missing functions: none
symbol engine: initialized successfully - sym options: 0x614 - pdb path: .;C:\Program Files\Java\jdk-21\bin;C:\windows\SYSTEM32;C:\Program Files\Avast Software\Avast;C:\windows\WinSxS\amd64_microsoft.windows.common-controls_6595b64144ccf1df_6.0.19041.6456_none_60b8a6cb71f64256;C:\Program Files\Java\jdk-21\bin\server;C:\Users\jared\AppData\Local\Temp\lwjgl_jared\3.3.3+5\x64

VM Arguments:
jvm_args: -javaagent:C:\Program Files\JetBrains\IntelliJ IDEA Community Edition 2024.3.1.1\lib\idea_rt.jar=63913 -Dfile.encoding=UTF-8 -Dsun.stdout.encoding=UTF-8 -Dsun.stderr.encoding=UTF-8 
java_command: main.Launcher
java_class_path (initial): C:\Users\jared\Desktop\Josiah\Private\RayVox\target\classes;C:\Users\jared\.m2\repository\org\lwjgl\lwjgl\3.3.3\lwjgl-3.3.3.jar;C:\Users\jared\.m2\repository\org\lwjgl\lwjgl\3.3.3\lwjgl-3.3.3-natives-windows.jar;C:\Users\jared\.m2\repository\org\lwjgl\lwjgl-opengl\3.3.3\lwjgl-opengl-3.3.3.jar;C:\Users\jared\.m2\repository\org\lwjgl\lwjgl-opengl\3.3.3\lwjgl-opengl-3.3.3-natives-windows.jar;C:\Users\jared\.m2\repository\org\lwjgl\lwjgl-glfw\3.3.3\lwjgl-glfw-3.3.3.jar;C:\Users\jared\.m2\repository\org\lwjgl\lwjgl-glfw\3.3.3\lwjgl-glfw-3.3.3-natives-windows.jar;C:\Users\jared\.m2\repository\org\joml\joml\1.10.5\joml-1.10.5.jar;C:\Users\jared\.m2\repository\org\lwjgl\lwjgl-stb\3.3.3\lwjgl-stb-3.3.3.jar;C:\Users\jared\.m2\repository\org\lwjgl\lwjgl-stb\3.3.3\lwjgl-stb-3.3.3-natives-windows.jar
Launcher Type: SUN_STANDARD

[Global flags]
     intx CICompilerCount                          = 4                                         {product} {ergonomic}
     uint ConcGCThreads                            = 3                                         {product} {ergonomic}
     uint G1ConcRefinementThreads                  = 10                                        {product} {ergonomic}
   size_t G1HeapRegionSize                         = 1048576                                   {product} {ergonomic}
    uintx GCDrainStackTargetSize                   = 64                                        {product} {ergonomic}
   size_t InitialHeapSize                          = 132120576                                 {product} {ergonomic}
   size_t MarkStackSize                            = 4194304                                   {product} {ergonomic}
   size_t MaxHeapSize                              = 2111832064                                {product} {ergonomic}
   size_t MaxNewSize                               = 1266679808                                {product} {ergonomic}
   size_t MinHeapDeltaBytes                        = 1048576                                   {product} {ergonomic}
   size_t MinHeapSize                              = 8388608                                   {product} {ergonomic}
    uintx NonNMethodCodeHeapSize                   = 5839372                                {pd product} {ergonomic}
    uintx NonProfiledCodeHeapSize                  = 122909434                              {pd product} {ergonomic}
    uintx ProfiledCodeHeapSize                     = 122909434                              {pd product} {ergonomic}
    uintx ReservedCodeCacheSize                    = 251658240                              {pd product} {ergonomic}
     bool SegmentedCodeCache                       = true                                      {product} {ergonomic}
   size_t SoftMaxHeapSize                          = 2111832064                             {manageable} {ergonomic}
     bool UseCompressedOops                        = true                           {product lp64_product} {ergonomic}
     bool UseG1GC                                  = true                                      {product} {ergonomic}
     bool UseLargePagesIndividualAllocation        = false                                  {pd product} {ergonomic}

Logging:
Log output configuration:
 #0: stdout all=warning uptime,level,tags foldmultilines=false
 #1: stderr all=off uptime,level,tags foldmultilines=false

Environment Variables:
JAVA_HOME=C:\Program Files\Java\jdk-21
PATH=C:\Program Files\Common Files\Oracle\Java\javapath;C:\windows\system32;C:\windows;C:\windows\System32\Wbem;C:\windows\System32\WindowsPowerShell\v1.0\;C:\windows\System32\OpenSSH\;C:\Program Files\dotnet\;C:\Program Files (x86)\NVIDIA Corporation\PhysX\Common;C:\Program Files\NVIDIA Corporation\NVIDIA NvDLISR;C:\Program Files\Java\jdk-21\bin;C:\Program Files\nodejs\;C:\Program Files\PuTTY\;C:\Program Files\Git\cmd;C:\Users\jared\.cargo\bin;C:\Users\jared\AppData\Local\Microsoft\WindowsApps;C:\Program Files\JetBrains\IntelliJ IDEA 2024.3\bin;;C:\Users\jared\AppData\Roaming\npm;C:\Program Files\Apache\Maven\apache-maven-3.9.11\bin;C:\Users\jared\AppData\Local\Programs\Microsoft VS Code\bin;C:\Users\jared\.dotnet\tools;C:\Users\jared\AppData\Local\Pandoc\
USERNAME=jared
OS=Windows_NT
PROCESSOR_IDENTIFIER=Intel64 Family 6 Model 165 Stepping 3, GenuineIntel
TMP=C:\Users\jared\AppData\Local\Temp
TEMP=C:\Users\jared\AppData\Local\Temp




Periodic native trim disabled

---------------  S Y S T E M  ---------------

OS:
 Windows 10 , 64 bit Build 19041 (10.0.19041.5915)
OS uptime: 0 days 0:57 hours
Hyper-V role detected

CPU: total 12 (initial active 12) (6 cores per cpu, 2 threads per core) family 6 model 165 stepping 3 microcode 0xea, cx8, cmov, fxsr, ht, mmx, 3dnowpref, sse, sse2, sse3, ssse3, sse4.1, sse4.2, popcnt, lzcnt, tsc, tscinvbit, avx, avx2, aes, erms, clmul, bmi1, bmi2, adx, fma, vzeroupper, clflush, clflushopt, hv, rdtscp, f16c
Processor Information for all 12 processors :
  Max Mhz: 2904, Current Mhz: 2904, Mhz Limit: 2904

Memory: 4k page, system-wide physical 8054M (847M free)
TotalPageFile size 16246M (AvailPageFile size 3820M)
current process WorkingSet (physical memory assigned to process): 49M, peak: 49M
current process commit charge ("private bytes"): 218M, peak: 218M

vm_info: Java HotSpot(TM) 64-Bit Server VM (21.0.5+9-LTS-239) for windows-amd64 JRE (21.0.5+9-LTS-239), built on 2024-09-30T05:17:38Z by "mach5one" with MS VC++ 17.6 (VS2022)

END.
